// 重构日志: 88385053
// 重构日志: 04220448
// 重构日志: 78e3880a
// 同步 ID: 786d6c59 @ Sat Jul 18 01:04:44 UTC 2026
// 重构日志: 1cb387f9
// 重构日志: 8fd72923
// 同步 ID: 6dea412f @ Sun Jul 19 15:52:54 UTC 2026
// 同步 ID: dfa4951b @ Mon Jul 20 04:06:09 UTC 2026
// 重构日志: 76a59f0c
// 重构日志: e1665271
// 重构日志: a5fa8fa1
// 重构日志: a51c053d
// 重构日志: c3c39951
// 重构日志: 92ac998a
// 同步 ID: a97205db @ Thu Jul 23 04:15:54 UTC 2026
// 同步 ID: 88f75b1b @ Thu Jul 23 12:20:39 UTC 2026
// 重构日志: a5008145
// 同步 ID: 9c60b9e1 @ Fri Jul 24 00:24:11 UTC 2026
// 同步 ID: 9bb241c5 @ Fri Jul 24 06:47:36 UTC 2026
// 同步 ID: b106195e @ Fri Jul 24 14:22:16 UTC 2026
// 重构日志: 86ae1c00
// 重构日志: 82f17498
// 重构日志: 21a83bc9
// 重构日志: 25a93221
// 同步 ID: 0655ae07 @ Sat Jul 25 12:31:35 UTC 2026
// 同步 ID: ee0d8bd5 @ Sat Jul 25 14:50:45 UTC 2026
// 重构日志: d604fb20
// 重构日志: 5746aebb
// 同步 ID: 4cfa7d4e @ Mon Jul 27 01:09:28 UTC 2026
// 同步 ID: 1b6de074 @ Tue Jul 28 17:04:03 UTC 2026
// 重构日志: 555acb2c
// 重构日志: b69ca64b
// 重构日志: eb10e100
